<!--[--><button>click me</button> <button>click me</button> <button>click me</button> <button>click me</button> <button>click me</button> <button>click me</button> <button>click me</button> <button>click me</button> <button>click me</button> <button>click me</button> <button>click me</button> <button>click me</button> <button>click me</button> <button>click me</button> <button>click me</button> <button>click me</button> <button>click me</button> <button>click me</button> <button>click me</button> <button>click me</button> <button>click me</button> <button>click me</button> <button>click me</button> <button>click me</button> <button>click me</button> <button>click me</button> <button>click me</button> <button>click me</button> <button>click me</button> <button>click me</button> <button>click me</button> <button>click me</button> <button>click me</button> <button>click me</button> <button>click me</button> <!----> <div><button>click me</button> <button>click me</button> <button>click me</button></div><!--]-->